---end scope---
line 2: function foo was declared before as non-override function
