---end scope---
c INT -1
line 8: prototype mismatch, function a
